
> rnat@0.0.1 android
> react-native run-android

info A dev server is already running for this project on port 8081.
info Installing the app...
> Task :gradle-plugin:settings-plugin:checkKotlinGradlePluginConfigurationErrors SKIPPED
> Task :gradle-plugin:shared:checkKotlinGradlePluginConfigurationErrors SKIPPED
> Task :gradle-plugin:shared:compileKotlin UP-TO-DATE
> Task :gradle-plugin:shared:compileJava NO-SOURCE
> Task :gradle-plugin:shared:processResources NO-SOURCE
> Task :gradle-plugin:shared:classes UP-TO-DATE
> Task :gradle-plugin:shared:jar UP-TO-DATE
> Task :gradle-plugin:settings-plugin:compileKotlin UP-TO-DATE
> Task :gradle-plugin:settings-plugin:compileJava NO-SOURCE
> Task :gradle-plugin:settings-plugin:pluginDescriptors UP-TO-DATE
> Task :gradle-plugin:settings-plugin:processResources UP-TO-DATE
> Task :gradle-plugin:settings-plugin:classes UP-TO-DATE
> Task :gradle-plugin:settings-plugin:jar UP-TO-DATE
> Task :gradle-plugin:react-native-gradle-plugin:checkKotlinGradlePluginConfigurationErrors SKIPPED
> Task :gradle-plugin:react-native-gradle-plugin:compileKotlin UP-TO-DATE
> Task :gradle-plugin:react-native-gradle-plugin:compileJava NO-SOURCE
> Task :gradle-plugin:react-native-gradle-plugin:pluginDescriptors UP-TO-DATE
> Task :gradle-plugin:react-native-gradle-plugin:processResources UP-TO-DATE
> Task :gradle-plugin:react-native-gradle-plugin:classes UP-TO-DATE
> Task :gradle-plugin:react-native-gradle-plugin:jar UP-TO-DATE

> Configure project :react-native-reanimated
Android gradle plugin: 8.8.0
Gradle: 8.12

> Configure project :react-native-video
Kotlin version is correct: 2.0.21
AndroidX version is correct: 1.9.3
useExoplayerIMA: false
useExoplayerSmoothStreaming: true
useExoplayerDash: true
useExoplayerHls: true
useExoplayerRtsp: false
buildFromSource: false

> Task :app:checkKotlinGradlePluginConfigurationErrors SKIPPED
> Task :app:generateAutolinkingPackageList UP-TO-DATE
> Task :app:generateCodegenSchemaFromJavaScript SKIPPED
> Task :app:generateCodegenArtifactsFromSchema SKIPPED
> Task :app:preBuild UP-TO-DATE
> Task :app:preDebugBuild UP-TO-DATE
> Task :app:generateDebugBuildConfig UP-TO-DATE
> Task :react-native-async-storage_async-storage:preBuild UP-TO-DATE
> Task :react-native-async-storage_async-storage:preDebugBuild UP-TO-DATE
> Task :react-native-async-storage_async-storage:writeDebugAarMetadata UP-TO-DATE
> Task :react-native-community_slider:preBuild UP-TO-DATE
> Task :react-native-community_slider:preDebugBuild UP-TO-DATE
> Task :react-native-community_slider:writeDebugAarMetadata UP-TO-DATE
> Task :react-native-documents_picker:preBuild UP-TO-DATE
> Task :react-native-documents_picker:preDebugBuild UP-TO-DATE
> Task :react-native-documents_picker:writeDebugAarMetadata UP-TO-DATE
> Task :react-native-fs:preBuild UP-TO-DATE
> Task :react-native-fs:preDebugBuild UP-TO-DATE
> Task :react-native-fs:writeDebugAarMetadata UP-TO-DATE
> Task :react-native-gesture-handler:preBuild UP-TO-DATE
> Task :react-native-gesture-handler:preDebugBuild UP-TO-DATE
> Task :react-native-gesture-handler:writeDebugAarMetadata UP-TO-DATE
> Task :react-native-image-picker:preBuild UP-TO-DATE
> Task :react-native-image-picker:preDebugBuild UP-TO-DATE
> Task :react-native-image-picker:writeDebugAarMetadata UP-TO-DATE
> Task :react-native-linear-gradient:preBuild UP-TO-DATE
> Task :react-native-linear-gradient:preDebugBuild UP-TO-DATE
> Task :react-native-linear-gradient:writeDebugAarMetadata UP-TO-DATE
> Task :react-native-permissions:preBuild UP-TO-DATE
> Task :react-native-permissions:preDebugBuild UP-TO-DATE
> Task :react-native-permissions:writeDebugAarMetadata UP-TO-DATE
> Task :react-native-reanimated:assertLatestReactNativeWithNewArchitectureTask SKIPPED
> Task :react-native-reanimated:assertMinimalReactNativeVersionTask SKIPPED
> Task :react-native-reanimated:prepareReanimatedHeadersForPrefabs UP-TO-DATE
> Task :react-native-reanimated:prepareWorkletsHeadersForPrefabs UP-TO-DATE
> Task :react-native-reanimated:preBuild UP-TO-DATE
> Task :react-native-reanimated:preDebugBuild UP-TO-DATE
> Task :react-native-reanimated:writeDebugAarMetadata UP-TO-DATE
> Task :react-native-safe-area-context:preBuild UP-TO-DATE
> Task :react-native-safe-area-context:preDebugBuild UP-TO-DATE
> Task :react-native-safe-area-context:writeDebugAarMetadata UP-TO-DATE
> Task :react-native-screens:preBuild UP-TO-DATE
> Task :react-native-screens:preDebugBuild UP-TO-DATE
> Task :react-native-screens:writeDebugAarMetadata UP-TO-DATE
> Task :react-native-sound:preBuild UP-TO-DATE
> Task :react-native-sound:preDebugBuild UP-TO-DATE
> Task :react-native-sound:writeDebugAarMetadata UP-TO-DATE
> Task :react-native-sound-player:preBuild UP-TO-DATE
> Task :react-native-sound-player:preDebugBuild UP-TO-DATE
> Task :react-native-sound-player:writeDebugAarMetadata UP-TO-DATE
> Task :react-native-svg:preBuild UP-TO-DATE
> Task :react-native-svg:preDebugBuild UP-TO-DATE
> Task :react-native-svg:writeDebugAarMetadata UP-TO-DATE
> Task :react-native-vector-icons:preBuild UP-TO-DATE
> Task :react-native-vector-icons:preDebugBuild UP-TO-DATE
> Task :react-native-vector-icons:writeDebugAarMetadata UP-TO-DATE
> Task :react-native-video:preBuild UP-TO-DATE
> Task :react-native-video:preDebugBuild UP-TO-DATE
> Task :react-native-video:writeDebugAarMetadata UP-TO-DATE
> Task :app:checkDebugAarMetadata UP-TO-DATE
> Task :app:generateDebugResValues UP-TO-DATE
> Task :react-native-async-storage_async-storage:generateDebugResValues UP-TO-DATE
> Task :react-native-async-storage_async-storage:generateDebugResources UP-TO-DATE
> Task :react-native-async-storage_async-storage:packageDebugResources UP-TO-DATE
> Task :react-native-community_slider:generateDebugResValues UP-TO-DATE
> Task :react-native-community_slider:generateDebugResources UP-TO-DATE
> Task :react-native-community_slider:packageDebugResources UP-TO-DATE
> Task :react-native-documents_picker:generateDebugResValues UP-TO-DATE
> Task :react-native-documents_picker:generateDebugResources UP-TO-DATE
> Task :react-native-documents_picker:packageDebugResources UP-TO-DATE
> Task :react-native-fs:generateDebugResValues UP-TO-DATE
> Task :react-native-fs:generateDebugResources UP-TO-DATE
> Task :react-native-fs:packageDebugResources UP-TO-DATE
> Task :react-native-gesture-handler:generateDebugResValues UP-TO-DATE
> Task :react-native-gesture-handler:generateDebugResources UP-TO-DATE
> Task :react-native-gesture-handler:packageDebugResources UP-TO-DATE
> Task :react-native-image-picker:generateDebugResValues UP-TO-DATE
> Task :react-native-image-picker:generateDebugResources UP-TO-DATE
> Task :react-native-image-picker:packageDebugResources UP-TO-DATE
> Task :react-native-linear-gradient:generateDebugResValues UP-TO-DATE
> Task :react-native-linear-gradient:generateDebugResources UP-TO-DATE
> Task :react-native-linear-gradient:packageDebugResources UP-TO-DATE
> Task :react-native-permissions:generateDebugResValues UP-TO-DATE
> Task :react-native-permissions:generateDebugResources UP-TO-DATE
> Task :react-native-permissions:packageDebugResources UP-TO-DATE
> Task :react-native-reanimated:generateDebugResValues UP-TO-DATE
> Task :react-native-reanimated:generateDebugResources UP-TO-DATE
> Task :react-native-reanimated:packageDebugResources UP-TO-DATE
> Task :react-native-safe-area-context:generateDebugResValues UP-TO-DATE
> Task :react-native-safe-area-context:generateDebugResources UP-TO-DATE
> Task :react-native-safe-area-context:packageDebugResources UP-TO-DATE
> Task :react-native-screens:generateDebugResValues UP-TO-DATE
> Task :react-native-screens:generateDebugResources UP-TO-DATE
> Task :react-native-screens:packageDebugResources UP-TO-DATE
> Task :react-native-sound:generateDebugResValues UP-TO-DATE
> Task :react-native-sound:generateDebugResources UP-TO-DATE
> Task :react-native-sound:packageDebugResources UP-TO-DATE
> Task :react-native-sound-player:generateDebugResValues UP-TO-DATE
> Task :react-native-sound-player:generateDebugResources UP-TO-DATE
> Task :react-native-sound-player:packageDebugResources UP-TO-DATE
> Task :react-native-svg:generateDebugResValues UP-TO-DATE
> Task :react-native-svg:generateDebugResources UP-TO-DATE
> Task :react-native-svg:packageDebugResources UP-TO-DATE
> Task :react-native-vector-icons:generateDebugResValues UP-TO-DATE
> Task :react-native-vector-icons:generateDebugResources UP-TO-DATE
> Task :react-native-vector-icons:packageDebugResources UP-TO-DATE
> Task :react-native-video:generateDebugResValues UP-TO-DATE
> Task :react-native-video:generateDebugResources UP-TO-DATE
> Task :react-native-video:packageDebugResources UP-TO-DATE
> Task :app:mapDebugSourceSetPaths UP-TO-DATE
> Task :app:generateDebugResources UP-TO-DATE
> Task :app:mergeDebugResources UP-TO-DATE
> Task :app:packageDebugResources UP-TO-DATE
> Task :app:parseDebugLocalResources UP-TO-DATE
> Task :app:createDebugCompatibleScreenManifests UP-TO-DATE
> Task :app:extractDeepLinksDebug UP-TO-DATE
> Task :react-native-async-storage_async-storage:extractDeepLinksDebug UP-TO-DATE
> Task :react-native-async-storage_async-storage:processDebugManifest UP-TO-DATE
> Task :react-native-community_slider:extractDeepLinksDebug UP-TO-DATE
> Task :react-native-community_slider:processDebugManifest UP-TO-DATE
> Task :react-native-documents_picker:extractDeepLinksDebug UP-TO-DATE
> Task :react-native-documents_picker:processDebugManifest UP-TO-DATE
> Task :react-native-fs:extractDeepLinksDebug UP-TO-DATE
> Task :react-native-fs:processDebugManifest UP-TO-DATE
> Task :react-native-gesture-handler:extractDeepLinksDebug UP-TO-DATE
> Task :react-native-gesture-handler:processDebugManifest UP-TO-DATE
> Task :react-native-image-picker:extractDeepLinksDebug UP-TO-DATE
> Task :react-native-image-picker:processDebugManifest UP-TO-DATE
> Task :react-native-linear-gradient:extractDeepLinksDebug UP-TO-DATE
> Task :react-native-linear-gradient:processDebugManifest UP-TO-DATE
> Task :react-native-permissions:extractDeepLinksDebug UP-TO-DATE
> Task :react-native-permissions:processDebugManifest UP-TO-DATE
> Task :react-native-reanimated:extractDeepLinksDebug UP-TO-DATE
> Task :react-native-reanimated:processDebugManifest UP-TO-DATE
> Task :react-native-safe-area-context:extractDeepLinksDebug UP-TO-DATE
> Task :react-native-safe-area-context:processDebugManifest UP-TO-DATE
> Task :react-native-screens:extractDeepLinksDebug UP-TO-DATE
> Task :react-native-screens:processDebugManifest UP-TO-DATE
> Task :react-native-sound:extractDeepLinksDebug UP-TO-DATE
> Task :react-native-sound:processDebugManifest UP-TO-DATE
> Task :react-native-sound-player:extractDeepLinksDebug UP-TO-DATE
> Task :react-native-sound-player:processDebugManifest UP-TO-DATE
> Task :react-native-svg:extractDeepLinksDebug UP-TO-DATE
> Task :react-native-svg:processDebugManifest UP-TO-DATE
> Task :react-native-vector-icons:extractDeepLinksDebug UP-TO-DATE
> Task :react-native-vector-icons:processDebugManifest UP-TO-DATE
> Task :react-native-video:extractDeepLinksDebug UP-TO-DATE
> Task :react-native-video:processDebugManifest UP-TO-DATE
> Task :app:processDebugMainManifest UP-TO-DATE
> Task :app:processDebugManifest UP-TO-DATE
> Task :app:processDebugManifestForPackage UP-TO-DATE
> Task :react-native-async-storage_async-storage:compileDebugLibraryResources UP-TO-DATE
> Task :react-native-async-storage_async-storage:parseDebugLocalResources UP-TO-DATE
> Task :react-native-async-storage_async-storage:generateDebugRFile UP-TO-DATE
> Task :react-native-community_slider:compileDebugLibraryResources UP-TO-DATE
> Task :react-native-community_slider:parseDebugLocalResources UP-TO-DATE
> Task :react-native-community_slider:generateDebugRFile UP-TO-DATE
> Task :react-native-documents_picker:compileDebugLibraryResources UP-TO-DATE
> Task :react-native-documents_picker:parseDebugLocalResources UP-TO-DATE
> Task :react-native-documents_picker:generateDebugRFile UP-TO-DATE
> Task :react-native-fs:compileDebugLibraryResources UP-TO-DATE
> Task :react-native-fs:parseDebugLocalResources UP-TO-DATE
> Task :react-native-fs:generateDebugRFile UP-TO-DATE
> Task :react-native-gesture-handler:compileDebugLibraryResources UP-TO-DATE
> Task :react-native-gesture-handler:parseDebugLocalResources UP-TO-DATE
> Task :react-native-gesture-handler:generateDebugRFile UP-TO-DATE
> Task :react-native-image-picker:compileDebugLibraryResources UP-TO-DATE
> Task :react-native-image-picker:parseDebugLocalResources UP-TO-DATE
> Task :react-native-image-picker:generateDebugRFile UP-TO-DATE
> Task :react-native-linear-gradient:compileDebugLibraryResources UP-TO-DATE
> Task :react-native-linear-gradient:parseDebugLocalResources UP-TO-DATE
> Task :react-native-linear-gradient:generateDebugRFile UP-TO-DATE
> Task :react-native-permissions:compileDebugLibraryResources UP-TO-DATE
> Task :react-native-permissions:parseDebugLocalResources UP-TO-DATE
> Task :react-native-permissions:generateDebugRFile UP-TO-DATE
> Task :react-native-reanimated:compileDebugLibraryResources UP-TO-DATE
> Task :react-native-reanimated:parseDebugLocalResources UP-TO-DATE
> Task :react-native-reanimated:generateDebugRFile UP-TO-DATE
> Task :react-native-safe-area-context:compileDebugLibraryResources UP-TO-DATE
> Task :react-native-safe-area-context:parseDebugLocalResources UP-TO-DATE
> Task :react-native-safe-area-context:generateDebugRFile UP-TO-DATE
> Task :react-native-screens:compileDebugLibraryResources UP-TO-DATE
> Task :react-native-screens:parseDebugLocalResources UP-TO-DATE
> Task :react-native-screens:generateDebugRFile UP-TO-DATE
> Task :react-native-sound:compileDebugLibraryResources UP-TO-DATE
> Task :react-native-sound:parseDebugLocalResources UP-TO-DATE
> Task :react-native-sound:generateDebugRFile UP-TO-DATE
> Task :react-native-sound-player:compileDebugLibraryResources UP-TO-DATE
> Task :react-native-sound-player:parseDebugLocalResources UP-TO-DATE
> Task :react-native-sound-player:generateDebugRFile UP-TO-DATE
> Task :react-native-svg:compileDebugLibraryResources UP-TO-DATE
> Task :react-native-svg:parseDebugLocalResources UP-TO-DATE
> Task :react-native-svg:generateDebugRFile UP-TO-DATE
> Task :react-native-vector-icons:compileDebugLibraryResources UP-TO-DATE
> Task :react-native-vector-icons:parseDebugLocalResources UP-TO-DATE
> Task :react-native-vector-icons:generateDebugRFile UP-TO-DATE
> Task :react-native-video:compileDebugLibraryResources UP-TO-DATE
> Task :react-native-video:parseDebugLocalResources UP-TO-DATE
> Task :react-native-video:generateDebugRFile UP-TO-DATE
> Task :app:processDebugResources UP-TO-DATE
> Task :react-native-async-storage_async-storage:generateDebugBuildConfig UP-TO-DATE
> Task :react-native-async-storage_async-storage:javaPreCompileDebug UP-TO-DATE
> Task :react-native-async-storage_async-storage:compileDebugJavaWithJavac UP-TO-DATE
> Task :react-native-async-storage_async-storage:bundleLibCompileToJarDebug UP-TO-DATE
> Task :react-native-community_slider:generateDebugBuildConfig UP-TO-DATE
> Task :react-native-community_slider:javaPreCompileDebug UP-TO-DATE
> Task :react-native-community_slider:compileDebugJavaWithJavac UP-TO-DATE
> Task :react-native-community_slider:bundleLibCompileToJarDebug UP-TO-DATE
> Task :react-native-documents_picker:checkKotlinGradlePluginConfigurationErrors SKIPPED
> Task :react-native-documents_picker:generateDebugBuildConfig UP-TO-DATE
> Task :react-native-documents_picker:compileDebugKotlin UP-TO-DATE
> Task :react-native-documents_picker:javaPreCompileDebug UP-TO-DATE
> Task :react-native-documents_picker:compileDebugJavaWithJavac UP-TO-DATE
> Task :react-native-documents_picker:bundleLibCompileToJarDebug UP-TO-DATE
> Task :react-native-fs:generateDebugBuildConfig UP-TO-DATE
> Task :react-native-fs:javaPreCompileDebug UP-TO-DATE
> Task :react-native-fs:compileDebugJavaWithJavac UP-TO-DATE
> Task :react-native-fs:bundleLibCompileToJarDebug UP-TO-DATE
> Task :react-native-gesture-handler:checkKotlinGradlePluginConfigurationErrors SKIPPED
> Task :react-native-gesture-handler:generateDebugBuildConfig UP-TO-DATE
> Task :react-native-reanimated:generateDebugBuildConfig UP-TO-DATE
> Task :react-native-reanimated:javaPreCompileDebug UP-TO-DATE
> Task :react-native-reanimated:packageNdkLibs NO-SOURCE
> Task :react-native-reanimated:compileDebugJavaWithJavac UP-TO-DATE
> Task :react-native-reanimated:bundleLibCompileToJarDebug UP-TO-DATE
> Task :react-native-svg:generateDebugBuildConfig UP-TO-DATE
> Task :react-native-svg:javaPreCompileDebug UP-TO-DATE
> Task :react-native-svg:compileDebugJavaWithJavac UP-TO-DATE
> Task :react-native-svg:bundleLibCompileToJarDebug UP-TO-DATE
> Task :react-native-gesture-handler:compileDebugKotlin UP-TO-DATE
> Task :react-native-gesture-handler:javaPreCompileDebug UP-TO-DATE
> Task :react-native-gesture-handler:compileDebugJavaWithJavac UP-TO-DATE
> Task :react-native-gesture-handler:bundleLibCompileToJarDebug UP-TO-DATE
> Task :react-native-image-picker:generateDebugBuildConfig UP-TO-DATE
> Task :react-native-image-picker:javaPreCompileDebug UP-TO-DATE
> Task :react-native-image-picker:compileDebugJavaWithJavac UP-TO-DATE
> Task :react-native-image-picker:bundleLibCompileToJarDebug UP-TO-DATE
> Task :react-native-linear-gradient:generateDebugBuildConfig UP-TO-DATE
> Task :react-native-linear-gradient:javaPreCompileDebug UP-TO-DATE
> Task :react-native-linear-gradient:compileDebugJavaWithJavac UP-TO-DATE
> Task :react-native-linear-gradient:bundleLibCompileToJarDebug UP-TO-DATE
> Task :react-native-permissions:checkKotlinGradlePluginConfigurationErrors SKIPPED
> Task :react-native-permissions:generateDebugBuildConfig UP-TO-DATE
> Task :react-native-permissions:compileDebugKotlin UP-TO-DATE
> Task :react-native-permissions:javaPreCompileDebug UP-TO-DATE
> Task :react-native-permissions:compileDebugJavaWithJavac UP-TO-DATE
> Task :react-native-permissions:bundleLibCompileToJarDebug UP-TO-DATE
> Task :react-native-safe-area-context:checkKotlinGradlePluginConfigurationErrors SKIPPED
> Task :react-native-safe-area-context:generateDebugBuildConfig UP-TO-DATE
> Task :react-native-safe-area-context:compileDebugKotlin UP-TO-DATE
> Task :react-native-safe-area-context:javaPreCompileDebug UP-TO-DATE
> Task :react-native-safe-area-context:compileDebugJavaWithJavac UP-TO-DATE
> Task :react-native-safe-area-context:bundleLibCompileToJarDebug UP-TO-DATE
> Task :react-native-screens:checkKotlinGradlePluginConfigurationErrors SKIPPED
> Task :react-native-screens:generateDebugBuildConfig UP-TO-DATE
> Task :react-native-screens:compileDebugKotlin UP-TO-DATE
> Task :react-native-screens:javaPreCompileDebug UP-TO-DATE
> Task :react-native-screens:compileDebugJavaWithJavac UP-TO-DATE
> Task :react-native-screens:bundleLibCompileToJarDebug UP-TO-DATE
> Task :react-native-sound:generateDebugBuildConfig UP-TO-DATE
> Task :react-native-sound:javaPreCompileDebug UP-TO-DATE
> Task :react-native-sound:compileDebugJavaWithJavac UP-TO-DATE
> Task :react-native-sound:bundleLibCompileToJarDebug UP-TO-DATE
> Task :react-native-sound-player:generateDebugBuildConfig UP-TO-DATE
> Task :react-native-sound-player:javaPreCompileDebug UP-TO-DATE
> Task :react-native-sound-player:compileDebugJavaWithJavac UP-TO-DATE
> Task :react-native-sound-player:bundleLibCompileToJarDebug UP-TO-DATE
> Task :react-native-vector-icons:generateDebugBuildConfig UP-TO-DATE
> Task :react-native-vector-icons:javaPreCompileDebug UP-TO-DATE
> Task :react-native-vector-icons:compileDebugJavaWithJavac UP-TO-DATE
> Task :react-native-vector-icons:bundleLibCompileToJarDebug UP-TO-DATE
> Task :react-native-video:checkKotlinGradlePluginConfigurationErrors SKIPPED
> Task :react-native-video:generateDebugBuildConfig UP-TO-DATE
> Task :react-native-video:compileDebugKotlin UP-TO-DATE
> Task :react-native-video:javaPreCompileDebug UP-TO-DATE
> Task :react-native-video:compileDebugJavaWithJavac UP-TO-DATE
> Task :react-native-video:bundleLibCompileToJarDebug UP-TO-DATE
> Task :app:compileDebugKotlin UP-TO-DATE
> Task :app:javaPreCompileDebug UP-TO-DATE
> Task :app:compileDebugJavaWithJavac UP-TO-DATE
> Task :app:mergeDebugShaders UP-TO-DATE
> Task :app:compileDebugShaders NO-SOURCE
> Task :app:generateDebugAssets UP-TO-DATE
> Task :react-native-async-storage_async-storage:mergeDebugShaders UP-TO-DATE
> Task :react-native-async-storage_async-storage:compileDebugShaders NO-SOURCE
> Task :react-native-async-storage_async-storage:generateDebugAssets UP-TO-DATE
> Task :react-native-async-storage_async-storage:packageDebugAssets UP-TO-DATE
> Task :react-native-community_slider:mergeDebugShaders UP-TO-DATE
> Task :react-native-community_slider:compileDebugShaders NO-SOURCE
> Task :react-native-community_slider:generateDebugAssets UP-TO-DATE
> Task :react-native-community_slider:packageDebugAssets UP-TO-DATE
> Task :react-native-documents_picker:mergeDebugShaders UP-TO-DATE
> Task :react-native-documents_picker:compileDebugShaders NO-SOURCE
> Task :react-native-documents_picker:generateDebugAssets UP-TO-DATE
> Task :react-native-documents_picker:packageDebugAssets UP-TO-DATE
> Task :react-native-fs:mergeDebugShaders UP-TO-DATE
> Task :react-native-fs:compileDebugShaders NO-SOURCE
> Task :react-native-fs:generateDebugAssets UP-TO-DATE
> Task :react-native-fs:packageDebugAssets UP-TO-DATE
> Task :react-native-gesture-handler:mergeDebugShaders UP-TO-DATE
> Task :react-native-gesture-handler:compileDebugShaders NO-SOURCE
> Task :react-native-gesture-handler:generateDebugAssets UP-TO-DATE
> Task :react-native-gesture-handler:packageDebugAssets UP-TO-DATE
> Task :react-native-image-picker:mergeDebugShaders UP-TO-DATE
> Task :react-native-image-picker:compileDebugShaders NO-SOURCE
> Task :react-native-image-picker:generateDebugAssets UP-TO-DATE
> Task :react-native-image-picker:packageDebugAssets UP-TO-DATE
> Task :react-native-linear-gradient:mergeDebugShaders UP-TO-DATE
> Task :react-native-linear-gradient:compileDebugShaders NO-SOURCE
> Task :react-native-linear-gradient:generateDebugAssets UP-TO-DATE
> Task :react-native-linear-gradient:packageDebugAssets UP-TO-DATE
> Task :react-native-permissions:mergeDebugShaders UP-TO-DATE
> Task :react-native-permissions:compileDebugShaders NO-SOURCE
> Task :react-native-permissions:generateDebugAssets UP-TO-DATE
> Task :react-native-permissions:packageDebugAssets UP-TO-DATE
> Task :react-native-reanimated:mergeDebugShaders UP-TO-DATE
> Task :react-native-reanimated:compileDebugShaders NO-SOURCE
> Task :react-native-reanimated:generateDebugAssets UP-TO-DATE
> Task :react-native-reanimated:packageDebugAssets UP-TO-DATE
> Task :react-native-safe-area-context:mergeDebugShaders UP-TO-DATE
> Task :react-native-safe-area-context:compileDebugShaders NO-SOURCE
> Task :react-native-safe-area-context:generateDebugAssets UP-TO-DATE
> Task :react-native-safe-area-context:packageDebugAssets UP-TO-DATE
> Task :react-native-screens:mergeDebugShaders UP-TO-DATE
> Task :react-native-screens:compileDebugShaders NO-SOURCE
> Task :react-native-screens:generateDebugAssets UP-TO-DATE
> Task :react-native-screens:packageDebugAssets UP-TO-DATE
> Task :react-native-sound:mergeDebugShaders UP-TO-DATE
> Task :react-native-sound:compileDebugShaders NO-SOURCE
> Task :react-native-sound:generateDebugAssets UP-TO-DATE
> Task :react-native-sound:packageDebugAssets UP-TO-DATE
> Task :react-native-sound-player:mergeDebugShaders UP-TO-DATE
> Task :react-native-sound-player:compileDebugShaders NO-SOURCE
> Task :react-native-sound-player:generateDebugAssets UP-TO-DATE
> Task :react-native-sound-player:packageDebugAssets UP-TO-DATE
> Task :react-native-svg:mergeDebugShaders UP-TO-DATE
> Task :react-native-svg:compileDebugShaders NO-SOURCE
> Task :react-native-svg:generateDebugAssets UP-TO-DATE
> Task :react-native-svg:packageDebugAssets UP-TO-DATE
> Task :react-native-vector-icons:mergeDebugShaders UP-TO-DATE
> Task :react-native-vector-icons:compileDebugShaders NO-SOURCE
> Task :react-native-vector-icons:generateDebugAssets UP-TO-DATE
> Task :react-native-vector-icons:packageDebugAssets UP-TO-DATE
> Task :react-native-video:mergeDebugShaders UP-TO-DATE
> Task :react-native-video:compileDebugShaders NO-SOURCE
> Task :react-native-video:generateDebugAssets UP-TO-DATE
> Task :react-native-video:packageDebugAssets UP-TO-DATE
> Task :app:mergeDebugAssets UP-TO-DATE
> Task :app:compressDebugAssets UP-TO-DATE
> Task :react-native-documents_picker:bundleLibRuntimeToJarDebug UP-TO-DATE
> Task :react-native-gesture-handler:bundleLibRuntimeToJarDebug UP-TO-DATE
> Task :react-native-permissions:bundleLibRuntimeToJarDebug UP-TO-DATE
> Task :react-native-safe-area-context:bundleLibRuntimeToJarDebug UP-TO-DATE
> Task :react-native-screens:bundleLibRuntimeToJarDebug UP-TO-DATE
> Task :react-native-video:bundleLibRuntimeToJarDebug UP-TO-DATE
> Task :react-native-async-storage_async-storage:bundleLibRuntimeToJarDebug UP-TO-DATE
> Task :react-native-community_slider:bundleLibRuntimeToJarDebug UP-TO-DATE
> Task :react-native-fs:bundleLibRuntimeToJarDebug UP-TO-DATE
> Task :react-native-image-picker:bundleLibRuntimeToJarDebug UP-TO-DATE
> Task :react-native-linear-gradient:bundleLibRuntimeToJarDebug UP-TO-DATE
> Task :react-native-reanimated:bundleLibRuntimeToJarDebug UP-TO-DATE
> Task :react-native-sound-player:bundleLibRuntimeToJarDebug UP-TO-DATE
> Task :react-native-svg:bundleLibRuntimeToJarDebug UP-TO-DATE
> Task :react-native-vector-icons:bundleLibRuntimeToJarDebug UP-TO-DATE
> Task :react-native-sound:bundleLibRuntimeToJarDebug UP-TO-DATE
> Task :app:desugarDebugFileDependencies UP-TO-DATE
> Task :app:dexBuilderDebug UP-TO-DATE
> Task :app:mergeDebugGlobalSynthetics UP-TO-DATE
> Task :app:processDebugJavaRes UP-TO-DATE
> Task :react-native-async-storage_async-storage:processDebugJavaRes NO-SOURCE
> Task :react-native-community_slider:processDebugJavaRes NO-SOURCE
> Task :react-native-documents_picker:processDebugJavaRes UP-TO-DATE
> Task :react-native-fs:processDebugJavaRes NO-SOURCE
> Task :react-native-gesture-handler:processDebugJavaRes UP-TO-DATE
> Task :react-native-image-picker:processDebugJavaRes NO-SOURCE
> Task :react-native-linear-gradient:processDebugJavaRes NO-SOURCE
> Task :react-native-permissions:processDebugJavaRes UP-TO-DATE
> Task :react-native-reanimated:processDebugJavaRes NO-SOURCE
> Task :react-native-safe-area-context:processDebugJavaRes UP-TO-DATE
> Task :react-native-screens:processDebugJavaRes UP-TO-DATE
> Task :react-native-sound:processDebugJavaRes NO-SOURCE
> Task :react-native-sound-player:processDebugJavaRes NO-SOURCE
> Task :react-native-svg:processDebugJavaRes NO-SOURCE
> Task :react-native-vector-icons:processDebugJavaRes NO-SOURCE
> Task :react-native-video:processDebugJavaRes UP-TO-DATE
> Task :app:mergeDebugJavaResource UP-TO-DATE
> Task :app:checkDebugDuplicateClasses UP-TO-DATE
> Task :app:mergeExtDexDebug UP-TO-DATE
> Task :react-native-documents_picker:bundleLibRuntimeToDirDebug UP-TO-DATE
> Task :react-native-gesture-handler:bundleLibRuntimeToDirDebug UP-TO-DATE
> Task :react-native-permissions:bundleLibRuntimeToDirDebug UP-TO-DATE
> Task :react-native-safe-area-context:bundleLibRuntimeToDirDebug UP-TO-DATE
> Task :react-native-screens:bundleLibRuntimeToDirDebug UP-TO-DATE
> Task :react-native-video:bundleLibRuntimeToDirDebug UP-TO-DATE
> Task :react-native-async-storage_async-storage:bundleLibRuntimeToDirDebug UP-TO-DATE
> Task :react-native-community_slider:bundleLibRuntimeToDirDebug UP-TO-DATE
> Task :react-native-fs:bundleLibRuntimeToDirDebug UP-TO-DATE
> Task :react-native-image-picker:bundleLibRuntimeToDirDebug UP-TO-DATE
> Task :react-native-linear-gradient:bundleLibRuntimeToDirDebug UP-TO-DATE
> Task :react-native-reanimated:bundleLibRuntimeToDirDebug UP-TO-DATE
> Task :react-native-sound-player:bundleLibRuntimeToDirDebug UP-TO-DATE
> Task :react-native-svg:bundleLibRuntimeToDirDebug UP-TO-DATE
> Task :react-native-vector-icons:bundleLibRuntimeToDirDebug UP-TO-DATE
> Task :react-native-sound:bundleLibRuntimeToDirDebug UP-TO-DATE
> Task :app:mergeProjectDexDebug UP-TO-DATE
> Task :app:mergeDebugJniLibFolders UP-TO-DATE
> Task :react-native-async-storage_async-storage:mergeDebugJniLibFolders UP-TO-DATE
> Task :react-native-async-storage_async-storage:mergeDebugNativeLibs NO-SOURCE
> Task :app:mergeLibDexDebug UP-TO-DATE
> Task :react-native-async-storage_async-storage:copyDebugJniLibsProjectOnly UP-TO-DATE
> Task :react-native-community_slider:mergeDebugJniLibFolders UP-TO-DATE
> Task :react-native-community_slider:mergeDebugNativeLibs NO-SOURCE
> Task :react-native-community_slider:copyDebugJniLibsProjectOnly UP-TO-DATE
> Task :react-native-documents_picker:mergeDebugJniLibFolders UP-TO-DATE
> Task :react-native-documents_picker:mergeDebugNativeLibs NO-SOURCE
> Task :react-native-documents_picker:copyDebugJniLibsProjectOnly UP-TO-DATE
> Task :react-native-fs:mergeDebugJniLibFolders UP-TO-DATE
> Task :react-native-fs:mergeDebugNativeLibs NO-SOURCE
> Task :react-native-fs:copyDebugJniLibsProjectOnly UP-TO-DATE
> Task :react-native-gesture-handler:mergeDebugJniLibFolders UP-TO-DATE
> Task :react-native-gesture-handler:mergeDebugNativeLibs NO-SOURCE
> Task :react-native-gesture-handler:copyDebugJniLibsProjectOnly UP-TO-DATE
> Task :react-native-image-picker:mergeDebugJniLibFolders UP-TO-DATE
> Task :react-native-image-picker:mergeDebugNativeLibs NO-SOURCE
> Task :react-native-image-picker:copyDebugJniLibsProjectOnly UP-TO-DATE
> Task :react-native-linear-gradient:mergeDebugJniLibFolders UP-TO-DATE
> Task :react-native-linear-gradient:mergeDebugNativeLibs NO-SOURCE
> Task :react-native-linear-gradient:copyDebugJniLibsProjectOnly UP-TO-DATE
> Task :react-native-permissions:mergeDebugJniLibFolders UP-TO-DATE
> Task :react-native-permissions:mergeDebugNativeLibs NO-SOURCE
> Task :react-native-permissions:copyDebugJniLibsProjectOnly UP-TO-DATE
> Task :react-native-reanimated:configureCMakeDebug[arm64-v8a]
> Task :react-native-reanimated:buildCMakeDebug[arm64-v8a]
> Task :react-native-reanimated:configureCMakeDebug[armeabi-v7a]
> Task :react-native-reanimated:buildCMakeDebug[armeabi-v7a]
> Task :react-native-reanimated:configureCMakeDebug[x86]
> Task :react-native-reanimated:buildCMakeDebug[x86]
> Task :react-native-reanimated:configureCMakeDebug[x86_64]
> Task :react-native-reanimated:buildCMakeDebug[x86_64]
> Task :react-native-reanimated:mergeDebugJniLibFolders UP-TO-DATE
> Task :react-native-reanimated:mergeDebugNativeLibs UP-TO-DATE
> Task :react-native-reanimated:copyDebugJniLibsProjectOnly UP-TO-DATE
> Task :react-native-safe-area-context:mergeDebugJniLibFolders UP-TO-DATE
> Task :react-native-safe-area-context:mergeDebugNativeLibs NO-SOURCE
> Task :react-native-safe-area-context:copyDebugJniLibsProjectOnly UP-TO-DATE
> Task :react-native-screens:configureCMakeDebug[arm64-v8a]
> Task :react-native-screens:buildCMakeDebug[arm64-v8a]
> Task :react-native-screens:configureCMakeDebug[armeabi-v7a]
> Task :react-native-screens:buildCMakeDebug[armeabi-v7a]
> Task :react-native-screens:configureCMakeDebug[x86]
> Task :react-native-screens:buildCMakeDebug[x86]
> Task :react-native-screens:configureCMakeDebug[x86_64]
> Task :react-native-screens:buildCMakeDebug[x86_64]
> Task :react-native-screens:mergeDebugJniLibFolders UP-TO-DATE
> Task :react-native-screens:mergeDebugNativeLibs UP-TO-DATE
> Task :react-native-screens:copyDebugJniLibsProjectOnly UP-TO-DATE
> Task :react-native-sound:mergeDebugJniLibFolders UP-TO-DATE
> Task :react-native-sound:mergeDebugNativeLibs NO-SOURCE
> Task :react-native-sound:copyDebugJniLibsProjectOnly UP-TO-DATE
> Task :react-native-sound-player:mergeDebugJniLibFolders UP-TO-DATE
> Task :react-native-sound-player:mergeDebugNativeLibs NO-SOURCE
> Task :react-native-sound-player:copyDebugJniLibsProjectOnly UP-TO-DATE
> Task :react-native-svg:mergeDebugJniLibFolders UP-TO-DATE
> Task :react-native-svg:mergeDebugNativeLibs NO-SOURCE
> Task :react-native-svg:copyDebugJniLibsProjectOnly UP-TO-DATE
> Task :react-native-vector-icons:mergeDebugJniLibFolders UP-TO-DATE
> Task :react-native-vector-icons:mergeDebugNativeLibs NO-SOURCE
> Task :react-native-vector-icons:copyDebugJniLibsProjectOnly UP-TO-DATE
> Task :react-native-video:mergeDebugJniLibFolders UP-TO-DATE
> Task :react-native-video:mergeDebugNativeLibs NO-SOURCE
> Task :react-native-video:copyDebugJniLibsProjectOnly UP-TO-DATE
> Task :app:mergeDebugNativeLibs UP-TO-DATE
> Task :app:stripDebugDebugSymbols UP-TO-DATE
> Task :app:validateSigningDebug UP-TO-DATE
> Task :app:writeDebugAppMetadata UP-TO-DATE
> Task :app:writeDebugSigningConfigVersions UP-TO-DATE
> Task :app:packageDebug UP-TO-DATE
> Task :app:createDebugApkListingFileRedirect UP-TO-DATE

> Task :app:installDebug
Installing APK 'app-debug.apk' on '23030RAC7Y - 16' for :app:debug
Installed on 1 device.

[Incubating] Problems report is available at: file:///home/bns/diploma-goRnative/rnat/android/build/reports/problems/problems-report.html

Deprecated Gradle features were used in this build, making it incompatible with Gradle 9.0.

You can use '--warning-mode all' to show the individual deprecation warnings and determine if they come from your own scripts or plugins.

For more on this, please refer to https://docs.gradle.org/8.12/userguide/command_line_interface.html#sec:command_line_warnings in the Gradle documentation.

BUILD SUCCESSFUL in 24s
385 actionable tasks: 17 executed, 368 up-to-date
info Connecting to the development server...
info Starting the app on "7DKZLVBMQKDUMBXS"...
Starting: Intent { act=android.intent.action.MAIN cat=[android.intent.category.LAUNCHER] cmp=com.rnat/.MainActivity }
